<html>
<body>
<pre>
<h1>µVision Build Log</h1>
<h2>Tool Versions:</h2>
IDE-Version: µVision V5.24.2.0
Copyright (C) 2017 ARM Ltd and ARM Germany GmbH. All rights reserved.
License Information: Ivan K, J, LIC=EXJUH-W0RGS-01ZP1-CRAXB-9HME3-R38M6
 
Tool Versions:
Toolchain:       MDK-ARM Plus  Version: 5.24.1
Toolchain Path:  C:\Keil_v5\ARM\ARMCC\Bin
C Compiler:      Armcc.exe V5.06 update 5 (build 528)
Assembler:       Armasm.exe V5.06 update 5 (build 528)
Linker/Locator:  ArmLink.exe V5.06 update 5 (build 528)
Library Manager: ArmAr.exe V5.06 update 5 (build 528)
Hex Converter:   FromElf.exe V5.06 update 5 (build 528)
CPU DLL:         SARMCM3.DLL V5.24.1
Dialog DLL:      DCM.DLL V1.16.0.0
Target DLL:      STLink\ST-LINKIII-KEIL_SWO.dll V3.0.1.0
Dialog DLL:      TCM.DLL V1.32.0.0
 
<h2>Project:</h2>
C:\STORAGE\Projects\STM32F4_Proj\Parser_proj\Parser_proj.uvprojx
Project File Date:  04/18/2020

<h2>Output:</h2>
*** Using Compiler 'V5.06 update 5 (build 528)', folder: 'C:\Keil_v5\ARM\ARMCC\Bin'
Build target 'STM32F407'
compiling parser.c...
..\_lib\parser\parser.c(50): warning:  #177-D: variable "j"  was declared but never referenced
  	int i, j, k = 0;
..\_lib\parser\parser.c(50): warning:  #177-D: variable "k"  was declared but never referenced
  	int i, j, k = 0;
..\_lib\parser\parser.c(51): warning:  #177-D: variable "p"  was declared but never referenced
  	unsigned char *p = cmd_line, *pp, c1, c2;
..\_lib\parser\parser.c(51): warning:  #177-D: variable "pp"  was declared but never referenced
  	unsigned char *p = cmd_line, *pp, c1, c2;
..\_lib\parser\parser.c(51): warning:  #177-D: variable "c1"  was declared but never referenced
  	unsigned char *p = cmd_line, *pp, c1, c2;
..\_lib\parser\parser.c(51): warning:  #177-D: variable "c2"  was declared but never referenced
  	unsigned char *p = cmd_line, *pp, c1, c2;
..\_lib\parser\parser.c(52): warning:  #177-D: variable "numbers"  was declared but never referenced
  	unsigned int numbers[ALL_COMMANDS];
..\_lib\parser\parser.c: 7 warnings, 0 errors
linking...
Program Size: Code=2564 RO-data=932 RW-data=84 ZI-data=3188  
FromELF: creating hex file...
".\Objects\Parser_proj.axf" - 0 Error(s), 7 Warning(s).

<h2>Software Packages used:</h2>

Package Vendor: Keil
                http://www.keil.com/pack/Keil.STM32F4xx_DFP.2.14.0.pack
                Keil.STM32F4xx_DFP.2.14.0
                STMicroelectronics STM32F4 Series Device Support, Drivers and Examples

<h2>Collection of Component include folders:</h2>
  .\RTE\_STM32F407
  C:\Keil_v5\ARM\PACK\Keil\STM32F4xx_DFP\2.14.0\Drivers\CMSIS\Device\ST\STM32F4xx\Include

<h2>Collection of Component Files used:</h2>
Build Time Elapsed:  00:00:01
</pre>
</body>
</html>
